Archive member included to satisfy reference by file (symbol)

C:/ST/STM32CubeCLT_1.17.0/GNU-tools-for-STM32/bin/../lib/gcc/arm-none-eabi/12.3.1/../../../../arm-none-eabi/lib/thumb/v6-m/nofp\libc_nano.a(libc_a-exit.o)
                              C:/ST/STM32CubeCLT_1.17.0/GNU-tools-for-STM32/bin/../lib/gcc/arm-none-eabi/12.3.1/../../../../arm-none-eabi/lib/thumb/v6-m/nofp/crt0.o (exit)
C:/ST/STM32CubeCLT_1.17.0/GNU-tools-for-STM32/bin/../lib/gcc/arm-none-eabi/12.3.1/../../../../arm-none-eabi/lib/thumb/v6-m/nofp\libc_nano.a(libc_a-findfp.o)
                              C:/ST/STM32CubeCLT_1.17.0/GNU-tools-for-STM32/bin/../lib/gcc/arm-none-eabi/12.3.1/../../../../arm-none-eabi/lib/thumb/v6-m/nofp\libc_nano.a(libc_a-exit.o) (__stdio_exit_handler)
C:/ST/STM32CubeCLT_1.17.0/GNU-tools-for-STM32/bin/../lib/gcc/arm-none-eabi/12.3.1/../../../../arm-none-eabi/lib/thumb/v6-m/nofp\libc_nano.a(libc_a-fwalk.o)
                              C:/ST/STM32CubeCLT_1.17.0/GNU-tools-for-STM32/bin/../lib/gcc/arm-none-eabi/12.3.1/../../../../arm-none-eabi/lib/thumb/v6-m/nofp\libc_nano.a(libc_a-findfp.o) (_fwalk_sglue)
C:/ST/STM32CubeCLT_1.17.0/GNU-tools-for-STM32/bin/../lib/gcc/arm-none-eabi/12.3.1/../../../../arm-none-eabi/lib/thumb/v6-m/nofp\libc_nano.a(libc_a-stdio.o)
                              C:/ST/STM32CubeCLT_1.17.0/GNU-tools-for-STM32/bin/../lib/gcc/arm-none-eabi/12.3.1/../../../../arm-none-eabi/lib/thumb/v6-m/nofp\libc_nano.a(libc_a-findfp.o) (__sread)
C:/ST/STM32CubeCLT_1.17.0/GNU-tools-for-STM32/bin/../lib/gcc/arm-none-eabi/12.3.1/../../../../arm-none-eabi/lib/thumb/v6-m/nofp\libc_nano.a(libc_a-memset.o)
                              C:/ST/STM32CubeCLT_1.17.0/GNU-tools-for-STM32/bin/../lib/gcc/arm-none-eabi/12.3.1/../../../../arm-none-eabi/lib/thumb/v6-m/nofp/crt0.o (memset)
C:/ST/STM32CubeCLT_1.17.0/GNU-tools-for-STM32/bin/../lib/gcc/arm-none-eabi/12.3.1/../../../../arm-none-eabi/lib/thumb/v6-m/nofp\libc_nano.a(libc_a-closer.o)
                              C:/ST/STM32CubeCLT_1.17.0/GNU-tools-for-STM32/bin/../lib/gcc/arm-none-eabi/12.3.1/../../../../arm-none-eabi/lib/thumb/v6-m/nofp\libc_nano.a(libc_a-stdio.o) (_close_r)
C:/ST/STM32CubeCLT_1.17.0/GNU-tools-for-STM32/bin/../lib/gcc/arm-none-eabi/12.3.1/../../../../arm-none-eabi/lib/thumb/v6-m/nofp\libc_nano.a(libc_a-reent.o)
                              C:/ST/STM32CubeCLT_1.17.0/GNU-tools-for-STM32/bin/../lib/gcc/arm-none-eabi/12.3.1/../../../../arm-none-eabi/lib/thumb/v6-m/nofp\libc_nano.a(libc_a-closer.o) (errno)
C:/ST/STM32CubeCLT_1.17.0/GNU-tools-for-STM32/bin/../lib/gcc/arm-none-eabi/12.3.1/../../../../arm-none-eabi/lib/thumb/v6-m/nofp\libc_nano.a(libc_a-impure.o)
                              C:/ST/STM32CubeCLT_1.17.0/GNU-tools-for-STM32/bin/../lib/gcc/arm-none-eabi/12.3.1/../../../../arm-none-eabi/lib/thumb/v6-m/nofp\libc_nano.a(libc_a-reent.o) (_impure_ptr)
C:/ST/STM32CubeCLT_1.17.0/GNU-tools-for-STM32/bin/../lib/gcc/arm-none-eabi/12.3.1/../../../../arm-none-eabi/lib/thumb/v6-m/nofp\libc_nano.a(libc_a-lseekr.o)
                              C:/ST/STM32CubeCLT_1.17.0/GNU-tools-for-STM32/bin/../lib/gcc/arm-none-eabi/12.3.1/../../../../arm-none-eabi/lib/thumb/v6-m/nofp\libc_nano.a(libc_a-stdio.o) (_lseek_r)
C:/ST/STM32CubeCLT_1.17.0/GNU-tools-for-STM32/bin/../lib/gcc/arm-none-eabi/12.3.1/../../../../arm-none-eabi/lib/thumb/v6-m/nofp\libc_nano.a(libc_a-readr.o)
                              C:/ST/STM32CubeCLT_1.17.0/GNU-tools-for-STM32/bin/../lib/gcc/arm-none-eabi/12.3.1/../../../../arm-none-eabi/lib/thumb/v6-m/nofp\libc_nano.a(libc_a-stdio.o) (_read_r)
C:/ST/STM32CubeCLT_1.17.0/GNU-tools-for-STM32/bin/../lib/gcc/arm-none-eabi/12.3.1/../../../../arm-none-eabi/lib/thumb/v6-m/nofp\libc_nano.a(libc_a-writer.o)
                              C:/ST/STM32CubeCLT_1.17.0/GNU-tools-for-STM32/bin/../lib/gcc/arm-none-eabi/12.3.1/../../../../arm-none-eabi/lib/thumb/v6-m/nofp\libc_nano.a(libc_a-stdio.o) (_write_r)
C:/ST/STM32CubeCLT_1.17.0/GNU-tools-for-STM32/bin/../lib/gcc/arm-none-eabi/12.3.1/../../../../arm-none-eabi/lib/thumb/v6-m/nofp\libc_nano.a(libc_a-init.o)
                              C:/ST/STM32CubeCLT_1.17.0/GNU-tools-for-STM32/bin/../lib/gcc/arm-none-eabi/12.3.1/../../../../arm-none-eabi/lib/thumb/v6-m/nofp/crt0.o (__libc_init_array)
C:/ST/STM32CubeCLT_1.17.0/GNU-tools-for-STM32/bin/../lib/gcc/arm-none-eabi/12.3.1/../../../../arm-none-eabi/lib/thumb/v6-m/nofp\libc_nano.a(libc_a-lock.o)
                              C:/ST/STM32CubeCLT_1.17.0/GNU-tools-for-STM32/bin/../lib/gcc/arm-none-eabi/12.3.1/../../../../arm-none-eabi/lib/thumb/v6-m/nofp\libc_nano.a(libc_a-findfp.o) (__retarget_lock_init_recursive)
C:/ST/STM32CubeCLT_1.17.0/GNU-tools-for-STM32/bin/../lib/gcc/arm-none-eabi/12.3.1/../../../../arm-none-eabi/lib/thumb/v6-m/nofp\libc_nano.a(libc_a-freer.o)
                              C:/ST/STM32CubeCLT_1.17.0/GNU-tools-for-STM32/bin/../lib/gcc/arm-none-eabi/12.3.1/../../../../arm-none-eabi/lib/thumb/v6-m/nofp\libc_nano.a(libc_a-reent.o) (_free_r)
[...]
Memory Configuration

Name             Origin             Length             Attributes
RAM              0x20000000         0x00005000         xrw
FLASH            0x08000000         0x00010000         xr
*default*        0x00000000         0xffffffff

Linker script and memory map

LOAD C:/ST/STM32CubeCLT_1.17.0/GNU-tools-for-STM32/bin/../lib/gcc/arm-none-eabi/12.3.1/thumb/v6-m/nofp/crti.o
LOAD C:/ST/STM32CubeCLT_1.17.0/GNU-tools-for-STM32/bin/../lib/gcc/arm-none-eabi/12.3.1/thumb/v6-m/nofp/crtbegin.o
LOAD C:/ST/STM32CubeCLT_1.17.0/GNU-tools-for-STM32/bin/../lib/gcc/arm-none-eabi/12.3.1/../../../../arm-none-eabi/lib/thumb/v6-m/nofp/crt0.o
START GROUP
LOAD C:/ST/STM32CubeCLT_1.17.0/GNU-tools-for-STM32/bin/../lib/gcc/arm-none-eabi/12.3.1/../../../../arm-none-eabi/lib/thumb/v6-m/nofp\libc_nano.a
LOAD C:/ST/STM32CubeCLT_1.17.0/GNU-tools-for-STM32/bin/../lib/gcc/arm-none-eabi/12.3.1/../../../../arm-none-eabi/lib/thumb/v6-m/nofp\libm.a
END GROUP
LOAD CMakeFiles/ecards.dir/Board/card_rev1_l071/Core/Startup/startup_stm32l071k8ux.s.obj
LOAD CMakeFiles/ecards.dir/Board/card_rev1_l071/Core/Src/main.c.obj
LOAD CMakeFiles/ecards.dir/Board/card_rev1_l071/Core/Src/gpio.c.obj
LOAD CMakeFiles/ecards.dir/Board/card_rev1_l071/Core/Src/spi.c.obj
LOAD CMakeFiles/ecards.dir/Board/card_rev1_l071/Core/Src/i2c.c.obj
LOAD CMakeFiles/ecards.dir/Board/card_rev1_l071/Core/Src/stm32l0xx_hal_msp.c.obj
LOAD CMakeFiles/ecards.dir/Board/card_rev1_l071/Core/Src/stm32l0xx_it.c.obj
LOAD CMakeFiles/ecards.dir/Board/card_rev1_l071/Core/Src/syscalls.c.obj
LOAD CMakeFiles/ecards.dir/Board/card_rev1_l071/Core/Src/sysmem.c.obj
LOAD CMakeFiles/ecards.dir/Board/card_rev1_l071/Core/Src/system_stm32l0xx.c.obj
LOAD CMakeFiles/ecards.dir/Board/card_rev1_l071/Drivers/STM32L0xx_HAL_Driver/Src/stm32l0xx_hal.c.obj
LOAD CMakeFiles/ecards.dir/Board/card_rev1_l071/Drivers/STM32L0xx_HAL_Driver/Src/stm32l0xx_hal_cortex.c.obj
LOAD CMakeFiles/ecards.dir/Board/card_rev1_l071/Drivers/STM32L0xx_HAL_Driver/Src/stm32l0xx_hal_dma.c.obj
LOAD CMakeFiles/ecards.dir/Board/card_rev1_l071/Drivers/STM32L0xx_HAL_Driver/Src/stm32l0xx_hal_exti.c.obj
LOAD CMakeFiles/ecards.dir/Board/card_rev1_l071/Drivers/STM32L0xx_HAL_Driver/Src/stm32l0xx_hal_flash.c.obj
LOAD CMakeFiles/ecards.dir/Board/card_rev1_l071/Drivers/STM32L0xx_HAL_Driver/Src/stm32l0xx_hal_flash_ex.c.obj
LOAD CMakeFiles/ecards.dir/Board/card_rev1_l071/Drivers/STM32L0xx_HAL_Driver/Src/stm32l0xx_hal_flash_ramfunc.c.obj
LOAD CMakeFiles/ecards.dir/Board/card_rev1_l071/Drivers/STM32L0xx_HAL_Driver/Src/stm32l0xx_hal_gpio.c.obj
LOAD CMakeFiles/ecards.dir/Board/card_rev1_l071/Drivers/STM32L0xx_HAL_Driver/Src/stm32l0xx_hal_i2c.c.obj
LOAD CMakeFiles/ecards.dir/Board/card_rev1_l071/Drivers/STM32L0xx_HAL_Driver/Src/stm32l0xx_hal_i2c_ex.c.obj
LOAD CMakeFiles/ecards.dir/Board/card_rev1_l071/Drivers/STM32L0xx_HAL_Driver/Src/stm32l0xx_hal_spi.c.obj
LOAD CMakeFiles/ecards.dir/Board/card_rev1_l071/Drivers/STM32L0xx_HAL_Driver/Src/stm32l0xx_hal_pwr.c.obj
LOAD CMakeFiles/ecards.dir/Board/card_rev1_l071/Drivers/STM32L0xx_HAL_Driver/Src/stm32l0xx_hal_pwr_ex.c.obj
LOAD CMakeFiles/ecards.dir/Board/card_rev1_l071/Drivers/STM32L0xx_HAL_Driver/Src/stm32l0xx_hal_rcc.c.obj
LOAD CMakeFiles/ecards.dir/Board/card_rev1_l071/Drivers/STM32L0xx_HAL_Driver/Src/stm32l0xx_hal_rcc_ex.c.obj
LOAD CMakeFiles/ecards.dir/Board/card_rev1_l071/Drivers/STM32L0xx_HAL_Driver/Src/stm32l0xx_hal_tim.c.obj
LOAD CMakeFiles/ecards.dir/App/Src/app.c.obj
LOAD CMakeFiles/ecards.dir/App/Src/card_bist.c.obj
LOAD CMakeFiles/ecards.dir/App/Src/eink_e370_driver.c.obj
LOAD CMakeFiles/ecards.dir/App/Src/eink_lib.c.obj
LOAD CMakeFiles/ecards.dir/App/Src/m24lr.c.obj
LOAD CMakeFiles/ecards.dir/App/Src/card.c.obj
LOAD CMakeFiles/ecards.dir/Libs/DataProtocol/Src/eeprom.c.obj
LOAD CMakeFiles/ecards.dir/Libs/ugui/ugui.c.obj
LOAD CMakeFiles/ecards.dir/Libs/ugui/ugui_button.c.obj
LOAD CMakeFiles/ecards.dir/Libs/ugui/ugui_checkbox.c.obj
LOAD CMakeFiles/ecards.dir/Libs/ugui/ugui_image.c.obj
LOAD CMakeFiles/ecards.dir/Libs/ugui/ugui_textbox.c.obj
LOAD CMakeFiles/ecards.dir/Libs/ugui/ugui_progress.c.obj
LOAD CMakeFiles/ecards.dir/Libs/ugui/Fonts/font_7x12.c.obj
LOAD CMakeFiles/ecards.dir/Libs/ugui/Fonts/font_8x12.c.obj
LOAD CMakeFiles/ecards.dir/Libs/ugui/Fonts/font_12x20.c.obj
START GROUP
LOAD C:/ST/STM32CubeCLT_1.17.0/GNU-tools-for-STM32/bin/../lib/gcc/arm-none-eabi/12.3.1/thumb/v6-m/nofp\libgcc.a
LOAD C:/ST/STM32CubeCLT_1.17.0/GNU-tools-for-STM32/bin/../lib/gcc/arm-none-eabi/12.3.1/../../../../arm-none-eabi/lib/thumb/v6-m/nofp\libg_nano.a
LOAD C:/ST/STM32CubeCLT_1.17.0/GNU-tools-for-STM32/bin/../lib/gcc/arm-none-eabi/12.3.1/../../../../arm-none-eabi/lib/thumb/v6-m/nofp\libc_nano.a
END GROUP
START GROUP
LOAD C:/ST/STM32CubeCLT_1.17.0/GNU-tools-for-STM32/bin/../lib/gcc/arm-none-eabi/12.3.1/thumb/v6-m/nofp\libgcc.a
LOAD C:/ST/STM32CubeCLT_1.17.0/GNU-tools-for-STM32/bin/../lib/gcc/arm-none-eabi/12.3.1/../../../../arm-none-eabi/lib/thumb/v6-m/nofp\libc_nano.a
LOAD C:/ST/STM32CubeCLT_1.17.0/GNU-tools-for-STM32/bin/../lib/gcc/arm-none-eabi/12.3.1/../../../../arm-none-eabi/lib/thumb/v6-m/nofp\libnosys.a
END GROUP
START GROUP
LOAD C:/ST/STM32CubeCLT_1.17.0/GNU-tools-for-STM32/bin/../lib/gcc/arm-none-eabi/12.3.1/thumb/v6-m/nofp\libgcc.a
LOAD C:/ST/STM32CubeCLT_1.17.0/GNU-tools-for-STM32/bin/../lib/gcc/arm-none-eabi/12.3.1/../../../../arm-none-eabi/lib/thumb/v6-m/nofp\libc_nano.a
LOAD C:/ST/STM32CubeCLT_1.17.0/GNU-tools-for-STM32/bin/../lib/gcc/arm-none-eabi/12.3.1/../../../../arm-none-eabi/lib/thumb/v6-m/nofp\libnosys.a
END GROUP
LOAD C:/ST/STM32CubeCLT_1.17.0/GNU-tools-for-STM32/bin/../lib/gcc/arm-none-eabi/12.3.1/thumb/v6-m/nofp/crtend.o
LOAD C:/ST/STM32CubeCLT_1.17.0/GNU-tools-for-STM32/bin/../lib/gcc/arm-none-eabi/12.3.1/thumb/v6-m/nofp/crtn.o
                0x20005000                        _estack = (ORIGIN (RAM) + LENGTH (RAM))
                0x00000200                        _Min_Heap_Size = 0x200
                0x00000400                        _Min_Stack_Size = 0x400

.isr_vector     0x08000000       0xc0
                0x08000000                        . = ALIGN (0x4)
 *(.isr_vector)
 .isr_vector    0x08000000       0xc0 CMakeFiles/ecards.dir/Board/card_rev1_l071/Core/Startup/startup_stm32l071k8ux.s.obj
                0x08000000                g_pfnVectors
                0x080000c0                        . = ALIGN (0x4)

.text           0x080000c0     0xa874
                0x080000c0                        . = ALIGN (0x4)
 *(.text)
 .text          0x080000c0       0x48 C:/ST/STM32CubeCLT_1.17.0/GNU-tools-for-STM32/bin/../lib/gcc/arm-none-eabi/12.3.1/thumb/v6-m/nofp/crtbegin.o
 .text          0x08000108       0xbc CMakeFiles/ecards.dir/Board/card_rev1_l071/Core/Src/main.c.obj
                0x08000108                Error_Handler
                0x0800010c                SystemClock_Config
                0x080001a8                main
 .text          0x080001c4       0xb4 CMakeFiles/ecards.dir/Board/card_rev1_l071/Core/Src/gpio.c.obj
                0x080001c4                MX_GPIO_Init
 .text          0x08000278       0xd4 CMakeFiles/ecards.dir/Board/card_rev1_l071/Core/Src/spi.c.obj
                0x08000278                MX_SPI1_Init
                0x080002c0                HAL_SPI_MspInit
                0x0800031c                HAL_SPI_MspDeInit
 .text          0x0800034c       0xfc CMakeFiles/ecards.dir/Board/card_rev1_l071/Core/Src/i2c.c.obj
                0x0800034c                MX_I2C1_Init
                0x080003ac                HAL_I2C_MspInit
                0x0800040c                HAL_I2C_MspDeInit
 .text          0x08000448       0x1c CMakeFiles/ecards.dir/Board/card_rev1_l071/Core/Src/stm32l0xx_hal_msp.c.obj
                0x08000448                HAL_MspInit
 .text          0x08000464       0x1a CMakeFiles/ecards.dir/Board/card_rev1_l071/Core/Src/stm32l0xx_it.c.obj
                0x08000464                NMI_Handler
                0x08000466                HardFault_Handler
                0x08000468                SVC_Handler
                0x0800046a                PendSV_Handler
                0x0800046c                SysTick_Handler
                0x08000474                EXTI4_15_IRQHandler
 *fill*         0x0800047e        0x2 
 .text          0x08000480       0xf0 CMakeFiles/ecards.dir/Board/card_rev1_l071/Core/Src/system_stm32l0xx.c.obj
                0x08000480                SystemInit
                0x08000482                SystemCoreClockUpdate
 .text          0x08000570      0x258 CMakeFiles/ecards.dir/Board/card_rev1_l071/Drivers/STM32L0xx_HAL_Driver/Src/stm32l0xx_hal.c.obj
                0x08000572                HAL_MspDeInit
                0x08000574                HAL_DeInit
                0x0800059c                HAL_InitTick
                0x080005e8                HAL_Init
                0x08000610                HAL_IncTick
                0x08000628                HAL_GetTick
                0x08000634                HAL_GetTickPrio
                0x08000640                HAL_SetTickFreq
                0x08000664                HAL_GetTickFreq
                0x08000670                HAL_Delay
                0x08000694                HAL_SuspendTick
                0x080006a4                HAL_ResumeTick
                0x080006b4                HAL_GetHalVersion
                0x080006bc                HAL_GetREVID
                0x080006c8                HAL_GetDEVID
                0x080006d8                HAL_GetUIDw0
                0x080006e4                HAL_GetUIDw1
                0x080006f0                HAL_GetUIDw2
                0x080006fc                HAL_DBGMCU_EnableDBGSleepMode
                0x0800070c                HAL_DBGMCU_DisableDBGSleepMode
                0x0800071c                HAL_DBGMCU_EnableDBGStopMode
                0x0800072c                HAL_DBGMCU_DisableDBGStopMode
                0x0800073c                HAL_DBGMCU_EnableDBGStandbyMode
                0x0800074c                HAL_DBGMCU_DisableDBGStandbyMode
                0x0800075c                HAL_DBGMCU_DBG_EnableLowPowerConfig
                0x0800076c                HAL_DBGMCU_DBG_DisableLowPowerConfig
                0x0800077c                HAL_SYSCFG_GetBootMode
                0x0800078c                HAL_SYSCFG_VREFINT_OutputSelect
                0x080007a4                HAL_SYSCFG_Enable_Lock_VREFINT
                0x080007b8                HAL_SYSCFG_Disable_Lock_VREFINT
 .text          0x080007c8      0x258 CMakeFiles/ecards.dir/Board/card_rev1_l071/Drivers/STM32L0xx_HAL_Driver/Src/stm32l0xx_hal_cortex.c.obj
                0x080008c8                HAL_NVIC_SetPriority
                0x080008d0                HAL_NVIC_EnableIRQ
                0x080008e8                HAL_NVIC_DisableIRQ
                0x08000908                HAL_NVIC_SystemReset
                0x0800090e                HAL_SYSTICK_Config
                0x08000916                HAL_NVIC_GetPriority
                0x0800091e                HAL_NVIC_SetPendingIRQ
                0x08000938                HAL_NVIC_GetPendingIRQ
                0x08000958                HAL_NVIC_ClearPendingIRQ
                0x08000974                HAL_SYSTICK_CLKSourceConfig
                0x08000994                HAL_SYSTICK_Callback
                0x08000996                HAL_SYSTICK_IRQHandler
                0x0800099e                HAL_MPU_Disable
                0x080009b0                HAL_MPU_Enable
                0x080009c8                HAL_MPU_ConfigRegion
 .text          0x08000a20      0x4e4 CMakeFiles/ecards.dir/Board/card_rev1_l071/Drivers/STM32L0xx_HAL_Driver/Src/stm32l0xx_hal_dma.c.obj
                0x08000a4e                HAL_DMA_Init
                0x08000ae4                HAL_DMA_DeInit
                0x08000b50                HAL_DMA_Start
                0x08000b9e                HAL_DMA_Start_IT
                0x08000c14                HAL_DMA_Abort
                0x08000c5c                HAL_DMA_Abort_IT
                0x08000caa                HAL_DMA_PollForTransfer
                0x08000d84                HAL_DMA_IRQHandler
                0x08000e3e                HAL_DMA_RegisterCallback
                0x08000e92                HAL_DMA_UnRegisterCallback
                0x08000ef8                HAL_DMA_GetState
                0x08000f00                HAL_DMA_GetError
 .text          0x08000f04      0x320 CMakeFiles/ecards.dir/Board/card_rev1_l071/Drivers/STM32L0xx_HAL_Driver/Src/stm32l0xx_hal_gpio.c.obj
                0x08000f04                HAL_GPIO_Init
                0x0800109c                HAL_GPIO_DeInit
                0x080011b0                HAL_GPIO_ReadPin
                0x080011be                HAL_GPIO_WritePin
                0x080011ca                HAL_GPIO_TogglePin
                0x080011da                HAL_GPIO_LockPin
                0x08001208                HAL_GPIO_EXTI_IRQHandler
 .text          0x08001224     0x36e0 CMakeFiles/ecards.dir/Board/card_rev1_l071/Drivers/STM32L0xx_HAL_Driver/Src/stm32l0xx_hal_i2c.c.obj
                0x0800176a                HAL_I2C_Init
                0x08001836                HAL_I2C_DeInit
                0x08001868                HAL_I2C_Master_Transmit
                0x080019dc                HAL_I2C_Master_Receive
                0x08001b50                HAL_I2C_Slave_Transmit
                0x08001d38                HAL_I2C_Slave_Receive
                0x08001ec8                HAL_I2C_Master_Transmit_IT
                0x08001f5c                HAL_I2C_Master_Receive_IT
                0x08001ff0                HAL_I2C_Slave_Transmit_IT
                0x08002080                HAL_I2C_Slave_Receive_IT
                0x080020e8                HAL_I2C_Master_Transmit_DMA
                0x0800223c                HAL_I2C_Master_Receive_DMA
                0x0800238c                HAL_I2C_Slave_Transmit_DMA
                0x080024d0                HAL_I2C_Slave_Receive_DMA
                0x080025c8                HAL_I2C_Mem_Write
                0x08002768                HAL_I2C_Mem_Read
                0x08002910                HAL_I2C_Mem_Write_IT
                0x080029e0                HAL_I2C_Mem_Read_IT
                0x08002ab0                HAL_I2C_Mem_Write_DMA
                0x08002c08                HAL_I2C_Mem_Read_DMA
                0x08002d60                HAL_I2C_IsDeviceReady
                0x08002eec                HAL_I2C_Master_Seq_Transmit_IT
                0x08002fa4                HAL_I2C_Master_Seq_Transmit_DMA
                0x08003114                HAL_I2C_Master_Seq_Receive_IT
                0x080031cc                HAL_I2C_Master_Seq_Receive_DMA
                0x0800333c                HAL_I2C_Slave_Seq_Transmit_IT
                0x0800341c                HAL_I2C_Slave_Seq_Transmit_DMA
                0x080035c8                HAL_I2C_Slave_Seq_Receive_IT
                0x080036ac                HAL_I2C_Slave_Seq_Receive_DMA
                0x08003854                HAL_I2C_EnableListen_IT
                0x0800387c                HAL_I2C_DisableListen_IT
                0x080038b0                HAL_I2C_Master_Abort_IT
                0x08003930                HAL_I2C_EV_IRQHandler
                0x08003942                HAL_I2C_MasterTxCpltCallback
                0x08003944                HAL_I2C_MasterRxCpltCallback
                0x08003998                HAL_I2C_SlaveTxCpltCallback
                0x0800399a                HAL_I2C_SlaveRxCpltCallback
                0x08003a78                HAL_I2C_AddrCallback
                0x08003b20                HAL_I2C_ListenCpltCallback
                0x08003b8c                HAL_I2C_MemTxCpltCallback
                0x08003b8e                HAL_I2C_MemRxCpltCallback
                0x08003b90                HAL_I2C_ErrorCallback
                0x08003b92                HAL_I2C_AbortCpltCallback
                0x08004874                HAL_I2C_ER_IRQHandler
                0x080048f0                HAL_I2C_GetState
                0x080048f8                HAL_I2C_GetMode
                0x08004900                HAL_I2C_GetError
 .text          0x08004904      0x184 CMakeFiles/ecards.dir/Board/card_rev1_l071/Drivers/STM32L0xx_HAL_Driver/Src/stm32l0xx_hal_i2c_ex.c.obj
                0x08004904                HAL_I2CEx_ConfigAnalogFilter
                0x0800495c                HAL_I2CEx_ConfigDigitalFilter
                0x080049b0                HAL_I2CEx_EnableWakeUp
                0x080049fe                HAL_I2CEx_DisableWakeUp
                0x08004a50                HAL_I2CEx_EnableFastModePlus
                0x08004a6c                HAL_I2CEx_DisableFastModePlus
 .text          0x08004a88     0x1868 CMakeFiles/ecards.dir/Board/card_rev1_l071/Drivers/STM32L0xx_HAL_Driver/Src/stm32l0xx_hal_spi.c.obj
                0x08004cfa                HAL_SPI_Init
                0x08004dca                HAL_SPI_DeInit
                0x08004df6                HAL_SPI_Transmit
                0x08004fa8                HAL_SPI_TransmitReceive
                0x080051e6                HAL_SPI_Receive
                0x08005360                HAL_SPI_Transmit_IT
                0x0800540c                HAL_SPI_TransmitReceive_IT
                0x080054d4                HAL_SPI_Receive_IT
                0x0800559c                HAL_SPI_Transmit_DMA
                0x08005678                HAL_SPI_TransmitReceive_DMA
                0x080057c8                HAL_SPI_Receive_DMA
                0x080058c4                HAL_SPI_Abort
                0x08005a04                HAL_SPI_DMAPause
                0x08005a2a                HAL_SPI_DMAResume
                0x08005a50                HAL_SPI_DMAStop
                0x08005a9c                HAL_SPI_TxCpltCallback
                0x08005a9e                HAL_SPI_RxCpltCallback
                0x08005aa0                HAL_SPI_TxRxCpltCallback
                0x08005aa2                HAL_SPI_TxHalfCpltCallback
                0x08005aae                HAL_SPI_RxHalfCpltCallback
                0x08005aba                HAL_SPI_TxRxHalfCpltCallback
                0x08005ac6                HAL_SPI_ErrorCallback
                0x08005f58                HAL_SPI_IRQHandler
                0x08006078                HAL_SPI_AbortCpltCallback
                0x0800607a                HAL_SPI_Abort_IT
                0x080062e4                HAL_SPI_GetState
                0x080062ec                HAL_SPI_GetError
 .text          0x080062f0      0xac8 CMakeFiles/ecards.dir/Board/card_rev1_l071/Drivers/STM32L0xx_HAL_Driver/Src/stm32l0xx_hal_rcc.c.obj
                0x080062f0                HAL_RCC_DeInit
                0x080063d8                HAL_RCC_MCOConfig
                0x08006480                HAL_RCC_EnableCSS
                0x08006494                HAL_RCC_GetSysClockFreq
                0x08006544                HAL_RCC_OscConfig
                0x08006a60                HAL_RCC_ClockConfig
                0x08006c38                HAL_RCC_GetHCLKFreq
                0x08006c44                HAL_RCC_GetPCLK1Freq
                0x08006c64                HAL_RCC_GetPCLK2Freq
                0x08006c84                HAL_RCC_GetOscConfig
                0x08006d58                HAL_RCC_GetClockConfig
                0x08006d98                HAL_RCC_CSSCallback
                0x08006d9a                HAL_RCC_NMI_IRQHandler
 .text          0x08006db8      0x58c CMakeFiles/ecards.dir/Board/card_rev1_l071/Drivers/STM32L0xx_HAL_Driver/Src/stm32l0xx_hal_rcc_ex.c.obj
                0x08006db8                HAL_RCCEx_PeriphCLKConfig
                0x08006f88                HAL_RCCEx_GetPeriphCLKConfig
                0x08007000                HAL_RCCEx_GetPeriphCLKFreq
                0x080072c4                HAL_RCCEx_EnableLSECSS
                0x080072d8                HAL_RCCEx_DisableLSECSS
                0x080072f4                HAL_RCCEx_EnableLSECSS_IT
                0x08007324                HAL_RCCEx_LSECSS_Callback
                0x08007326                HAL_RCCEx_LSECSS_IRQHandler
 .text          0x08007344      0x28c CMakeFiles/ecards.dir/App/Src/eink_e370_driver.c.obj
                0x08007344                eink_pinAssert
                0x08007368                eink_pinDeassert
                0x080073b8                eink_pinRead
                0x080073e4                eink_pinInit
                0x08007420                eink_sendByte
                0x0800744c                eink_sendIndexData
                0x0800747a                eink_sendIndexNull
                0x080074a6                eink_softReset
                0x080074d0                eink_displayRefresh
                0x080074fa                eink_reset
                0x08007548                eink_DCDCpowerOn
                0x08007568                eink_powerUp
                0x080075ac                eink_powerDown
                0x080075ae                eink_fullUpdate
 .text          0x080075d0      0x180 CMakeFiles/ecards.dir/App/Src/m24lr.c.obj
                0x080075d0                M24lr_IO_Init
                0x080075d4                M24lr_IO_MemWrite
                0x08007634                M24lr_IO_MemRead
                0x08007694                M24lr_IO_IsDeviceReady
                0x080076c0                M24LR_i2c_IsDeviceReady
                0x080076cc                M24LR_i2c_ReadData
                0x080076f0                M24LR_i2c_WriteData
 .text          0x08007750      0x454 CMakeFiles/ecards.dir/App/Src/card.c.obj
                0x0800781c                Card_shapeDraw
                0x08007ab8                Card_transmitHeader
                0x08007ad0                Card_busyCallback
                0x08007ae4                card_main
                0x08007b94                HAL_GPIO_EXTI_Callback
 .text          0x08007ba4      0x118 CMakeFiles/ecards.dir/Libs/DataProtocol/Src/eeprom.c.obj
                0x08007c00                Eeprom_waiting
                0x08007c04                Eeprom_readSector
                0x08007c1c                Eeprom_readAll
                0x08007c30                Eeprom_readSenderHeader
                0x08007c40                Eeprom_writeNextHeader
                0x08007c64                Eeprom_readReceiverHeader
                0x08007c74                Eeprom_partnerUpdated
                0x08007c8c                Eeprom_writeData
 .text          0x08007cbc     0x22ac CMakeFiles/ecards.dir/Libs/ugui/ugui.c.obj
                0x08008218                UG_Init
                0x08008278                UG_SelectGUI
                0x08008284                UG_GetGUI
                0x08008290                UG_FontSelect
                0x0800829c                UG_FillFrame
                0x0800831c                UG_FillScreen
                0x080083a8                UG_DrawPixel
                0x080083bc                UG_DrawCircle
                0x0800850c                UG_DrawArc
                0x0800867c                UG_DrawLine
                0x080087a8                UG_FillRoundFrame
                0x08008900                UG_DrawMesh
                0x08008990                UG_DrawFrame
                0x080089e6                UG_DrawRoundFrame
                0x08008ae4                UG_FillCircle
                0x08008bee                UG_DrawTriangle
                0x08008c48                UG_FillTriangle
                0x08008dec                UG_PutString
                0x08008ea0                UG_PutChar
                0x08008ef4                UG_SetForecolor
                0x08008f04                UG_SetBackcolor
                0x08008f14                UG_GetXDim
                0x08008f24                UG_GetYDim
                0x08008f34                UG_FontSetHSpace
                0x08008f44                UG_FontSetVSpace
                0x08008f54                UG_FontSetTransparency
                0x08008f64                UG_FontGetTransparency
                0x08008f74                _UG_PutText
                0x080091c4                _UG_SearchObject
                0x080091f8                _UG_DrawObjectFrame
                0x08009414                _UG_GetFreeObject
                0x0800943c                _UG_DeleteObject
                0x0800946e                _UG_ConvertRGB565ToRGB888
                0x08009498                UG_DriverRegister
                0x080094b4                UG_DriverEnable
                0x080094dc                UG_DriverDisable
                0x08009504                UG_Update
                0x080095c8                UG_WaitForUpdate
                0x080095dc                UG_DrawBMP
                0x08009674                UG_WindowCreate
                0x08009724                UG_WindowDelete
                0x08009768                UG_WindowShow
                0x08009794                UG_WindowHide
                0x08009814                UG_WindowResize
                0x0800997c                UG_WindowSetForeColor
                0x0800999e                UG_WindowSetBackColor
                0x080099c0                UG_WindowSetTitleTextColor
                0x080099e4                UG_WindowSetTitleColor
                0x08009a08                UG_WindowSetTitleInactiveTextColor
                0x08009a2c                UG_WindowSetTitleInactiveColor
                0x08009a50                UG_WindowSetTitleText
                0x08009a72                UG_WindowSetTitleTextFont
                0x08009ab4                UG_WindowSetTitleTextHSpace
                0x08009ad8                UG_WindowSetTitleTextVSpace
                0x08009afc                UG_WindowSetTitleTextAlignment
                0x08009b20                UG_WindowSetTitleHeight
                0x08009b4a                UG_WindowSetXStart
                0x08009b82                UG_WindowSetYStart
                0x08009bbc                UG_WindowSetXEnd
                0x08009bf6                UG_WindowSetYEnd
                0x08009c30                UG_WindowSetStyle
                0x08009c7e                UG_WindowGetForeColor
                0x08009c96                UG_WindowGetBackColor
                0x08009cae                UG_WindowGetTitleTextColor
                0x08009cc8                UG_WindowGetTitleColor
                0x08009ce2                UG_WindowAlert
                0x08009d0e                UG_WindowGetTitleInactiveTextColor
                0x08009d28                UG_WindowGetTitleInactiveColor
                0x08009d42                UG_WindowGetTitleText
                0x08009d54                UG_WindowGetTitleTextFont
                0x08009d66                UG_WindowGetTitleTextHSpace
                0x08009d7e                UG_WindowGetTitleTextVSpace
                0x08009d96                UG_WindowGetTitleTextAlignment
                0x08009db0                UG_WindowGetTitleHeight
                0x08009dca                UG_WindowGetXStart
                0x08009de6                UG_WindowGetYStart
                0x08009e02                UG_WindowGetXEnd
                0x08009e1e                UG_WindowGetYEnd
                0x08009e3a                UG_WindowGetStyle
                0x08009e52                UG_WindowGetArea
                0x08009eb8                UG_WindowGetInnerWidth
                0x08009ee6                UG_WindowGetOuterWidth
                0x08009f08                UG_WindowGetInnerHeight
                0x08009f44                UG_WindowGetOuterHeight
 .text          0x08009f68      0x394 CMakeFiles/ecards.dir/Libs/ugui/ugui_textbox.c.obj
                0x0800a044                UG_TextboxCreate
                0x0800a0f4                UG_TextboxDelete
                0x0800a100                UG_TextboxShow
                0x0800a126                UG_TextboxHide
                0x0800a14c                UG_TextboxSetForeColor
                0x0800a172                UG_TextboxSetBackColor
                0x0800a198                UG_TextboxSetText
                0x0800a1be                UG_TextboxSetFont
                0x0800a1e4                UG_TextboxSetHSpace
                0x0800a20a                UG_TextboxSetVSpace
                0x0800a230                UG_TextboxSetAlignment
                0x0800a256                UG_TextboxGetForeColor
                0x0800a26e                UG_TextboxGetBackColor
                0x0800a286                UG_TextboxGetText
                0x0800a29a                UG_TextboxGetFont
                0x0800a2ae                UG_TextboxGetHSpace
                0x0800a2c8                UG_TextboxGetVSpace
                0x0800a2e2                UG_TextboxGetAlignment
 .text          0x0800a2fc      0x114 C:/ST/STM32CubeCLT_1.17.0/GNU-tools-for-STM32/bin/../lib/gcc/arm-none-eabi/12.3.1/thumb/v6-m/nofp\libgcc.a(_udivsi3.o)
                0x0800a2fc                __aeabi_uidiv
                0x0800a2fc                __udivsi3
                0x0800a408                __aeabi_uidivmod
 .text          0x0800a410      0x1d4 C:/ST/STM32CubeCLT_1.17.0/GNU-tools-for-STM32/bin/../lib/gcc/arm-none-eabi/12.3.1/thumb/v6-m/nofp\libgcc.a(_divsi3.o)
                0x0800a410                __divsi3
                0x0800a410                __aeabi_idiv
                0x0800a5dc                __aeabi_idivmod
 .text          0x0800a5e4        0x4 C:/ST/STM32CubeCLT_1.17.0/GNU-tools-for-STM32/bin/../lib/gcc/arm-none-eabi/12.3.1/thumb/v6-m/nofp\libgcc.a(_dvmd_tls.o)
                0x0800a5e4                __aeabi_idiv0
                0x0800a5e4                __aeabi_ldiv0
 .text          0x0800a5e8       0x40 C:/ST/STM32CubeCLT_1.17.0/GNU-tools-for-STM32/bin/../lib/gcc/arm-none-eabi/12.3.1/thumb/v6-m/nofp\libgcc.a(_aeabi_uldivmod.o)
                0x0800a5e8                __aeabi_uldivmod
 .text          0x0800a628       0x5c C:/ST/STM32CubeCLT_1.17.0/GNU-tools-for-STM32/bin/../lib/gcc/arm-none-eabi/12.3.1/thumb/v6-m/nofp\libgcc.a(_muldi3.o)
                0x0800a628                __muldi3
                0x0800a628                __aeabi_lmul
 .text          0x0800a684      0x198 C:/ST/STM32CubeCLT_1.17.0/GNU-tools-for-STM32/bin/../lib/gcc/arm-none-eabi/12.3.1/thumb/v6-m/nofp\libgcc.a(_udivmoddi4.o)
                0x0800a684                __udivmoddi4
 .text          0x0800a81c       0x18 C:/ST/STM32CubeCLT_1.17.0/GNU-tools-for-STM32/bin/../lib/gcc/arm-none-eabi/12.3.1/thumb/v6-m/nofp\libgcc.a(_clzdi2.o)
                0x0800a81c                __clzdi2
 .text          0x0800a834       0x3c C:/ST/STM32CubeCLT_1.17.0/GNU-tools-for-STM32/bin/../lib/gcc/arm-none-eabi/12.3.1/thumb/v6-m/nofp\libgcc.a(_clzsi2.o)
                0x0800a834                __clzsi2
 *(.text*)
 .text.memset   0x0800a870       0x10 C:/ST/STM32CubeCLT_1.17.0/GNU-tools-for-STM32/bin/../lib/gcc/arm-none-eabi/12.3.1/../../../../arm-none-eabi/lib/thumb/v6-m/nofp\libc_nano.a(libc_a-memset.o)
                0x0800a870                memset
 .text.__libc_init_array
                0x0800a880       0x48 C:/ST/STM32CubeCLT_1.17.0/GNU-tools-for-STM32/bin/../lib/gcc/arm-none-eabi/12.3.1/../../../../arm-none-eabi/lib/thumb/v6-m/nofp\libc_nano.a(libc_a-init.o)
                0x0800a880                __libc_init_array
 .text.Reset_Handler
                0x0800a8c8       0x50 CMakeFiles/ecards.dir/Board/card_rev1_l071/Core/Startup/startup_stm32l071k8ux.s.obj
                0x0800a8c8                Reset_Handler
 .text.Default_Handler
                0x0800a918        0x2 CMakeFiles/ecards.dir/Board/card_rev1_l071/Core/Startup/startup_stm32l071k8ux.s.obj
                0x0800a918                ADC1_COMP_IRQHandler
                0x0800a918                TIM6_IRQHandler
                0x0800a918                PVD_IRQHandler
                0x0800a918                I2C1_IRQHandler
                0x0800a918                SPI1_IRQHandler
                0x0800a918                EXTI2_3_IRQHandler
                0x0800a918                I2C2_IRQHandler
                0x0800a918                RTC_IRQHandler
                0x0800a918                DMA1_Channel4_5_6_7_IRQHandler
                0x0800a918                TIM3_IRQHandler
                0x0800a918                RCC_IRQHandler
                0x0800a918                DMA1_Channel1_IRQHandler
                0x0800a918                USART4_5_IRQHandler
                0x0800a918                Default_Handler
                0x0800a918                TIM22_IRQHandler
                0x0800a918                TIM7_IRQHandler
                0x0800a918                EXTI0_1_IRQHandler
                0x0800a918                I2C3_IRQHandler
                0x0800a918                SPI2_IRQHandler
                0x0800a918                TIM21_IRQHandler
                0x0800a918                WWDG_IRQHandler
                0x0800a918                LPUART1_IRQHandler
                0x0800a918                TIM2_IRQHandler
                0x0800a918                DMA1_Channel2_3_IRQHandler
                0x0800a918                USART2_IRQHandler
                0x0800a918                FLASH_IRQHandler
                0x0800a918                USART1_IRQHandler
                0x0800a918                LPTIM1_IRQHandler
 *(.glue_7)
 .glue_7        0x0800a91a        0x0 linker stubs
 *(.glue_7t)
 .glue_7t       0x0800a91a        0x0 linker stubs
 *(.eh_frame)
 *fill*         0x0800a91a        0x2 
 .eh_frame      0x0800a91c        0x0 C:/ST/STM32CubeCLT_1.17.0/GNU-tools-for-STM32/bin/../lib/gcc/arm-none-eabi/12.3.1/thumb/v6-m/nofp/crtbegin.o
 *(.init)
 .init          0x0800a91c        0x4 C:/ST/STM32CubeCLT_1.17.0/GNU-tools-for-STM32/bin/../lib/gcc/arm-none-eabi/12.3.1/thumb/v6-m/nofp/crti.o
                0x0800a91c                _init
 .init          0x0800a920        0x8 C:/ST/STM32CubeCLT_1.17.0/GNU-tools-for-STM32/bin/../lib/gcc/arm-none-eabi/12.3.1/thumb/v6-m/nofp/crtn.o
 *(.fini)
 .fini          0x0800a928        0x4 C:/ST/STM32CubeCLT_1.17.0/GNU-tools-for-STM32/bin/../lib/gcc/arm-none-eabi/12.3.1/thumb/v6-m/nofp/crti.o
                0x0800a928                _fini
 .fini          0x0800a92c        0x8 C:/ST/STM32CubeCLT_1.17.0/GNU-tools-for-STM32/bin/../lib/gcc/arm-none-eabi/12.3.1/thumb/v6-m/nofp/crtn.o
                0x0800a934                        . = ALIGN (0x4)
                0x0800a934                        _etext = .

.vfp11_veneer   0x0800a934        0x0
 .vfp11_veneer  0x0800a934        0x0 linker stubs

.v4_bx          0x0800a934        0x0
 .v4_bx         0x0800a934        0x0 linker stubs

.iplt           0x0800a934        0x0
 .iplt          0x0800a934        0x0 C:/ST/STM32CubeCLT_1.17.0/GNU-tools-for-STM32/bin/../lib/gcc/arm-none-eabi/12.3.1/thumb/v6-m/nofp/crtbegin.o

.rodata         0x0800a934     0x29e8
                0x0800a934                        . = ALIGN (0x4)
 *(.rodata)
 .rodata        0x0800a934       0x24 CMakeFiles/ecards.dir/Board/card_rev1_l071/Core/Src/system_stm32l0xx.c.obj
                0x0800a934                PLLMulTable
                0x0800a940                AHBPrescTable
                0x0800a950                APBPrescTable
 .rodata        0x0800a958       0x14 CMakeFiles/ecards.dir/Board/card_rev1_l071/Drivers/STM32L0xx_HAL_Driver/Src/stm32l0xx_hal_dma.c.obj
 .rodata        0x0800a96c       0x84 CMakeFiles/ecards.dir/Board/card_rev1_l071/Drivers/STM32L0xx_HAL_Driver/Src/stm32l0xx_hal_rcc_ex.c.obj
 .rodata        0x0800a9f0       0xa8 CMakeFiles/ecards.dir/Libs/ugui/ugui.c.obj
 .rodata        0x0800aa98     0x280f CMakeFiles/ecards.dir/Libs/ugui/Fonts/font_12x20.c.obj
                0x0800aa98                FONT_12X20
 *(.rodata*)
 *fill*         0x0800d2a7        0x1 
 .rodata.str1.4
                0x0800d2a8        0x6 CMakeFiles/ecards.dir/App/Src/eink_e370_driver.c.obj
 *fill*         0x0800d2ae        0x2 
 .rodata.str1.4
                0x0800d2b0       0x6c CMakeFiles/ecards.dir/App/Src/card.c.obj
                0x0800d31c                        . = ALIGN (0x4)

.ARM.extab      0x0800d31c        0x0
                0x0800d31c                        . = ALIGN (0x4)
 *(.ARM.extab* .gnu.linkonce.armextab.*)
                0x0800d31c                        . = ALIGN (0x4)

.ARM            0x0800d31c        0x8
                0x0800d31c                        . = ALIGN (0x4)
                0x0800d31c                        __exidx_start = .
 *(.ARM.exidx*)
 .ARM.exidx     0x0800d31c        0x8 C:/ST/STM32CubeCLT_1.17.0/GNU-tools-for-STM32/bin/../lib/gcc/arm-none-eabi/12.3.1/thumb/v6-m/nofp\libgcc.a(_udivmoddi4.o)
                0x0800d324                        __exidx_end = .
                0x0800d324                        . = ALIGN (0x4)

.preinit_array  0x0800d324        0x0
                0x0800d324                        . = ALIGN (0x4)
                0x0800d324                        PROVIDE (__preinit_array_start = .)
 *(.preinit_array*)
                0x0800d324                        PROVIDE (__preinit_array_end = .)
                0x0800d324                        . = ALIGN (0x4)

.init_array     0x0800d324        0x4
                0x0800d324                        . = ALIGN (0x4)
                0x0800d324                        PROVIDE (__init_array_start = .)
 *(SORT_BY_NAME(.init_array.*))
 *(.init_array*)
 .init_array    0x0800d324        0x4 C:/ST/STM32CubeCLT_1.17.0/GNU-tools-for-STM32/bin/../lib/gcc/arm-none-eabi/12.3.1/thumb/v6-m/nofp/crtbegin.o
                0x0800d328                        PROVIDE (__init_array_end = .)
                0x0800d328                        . = ALIGN (0x4)

.fini_array     0x0800d328        0x4
                0x0800d328                        . = ALIGN (0x4)
                [!provide]                        PROVIDE (__fini_array_start = .)
 *(SORT_BY_NAME(.fini_array.*))
 *(.fini_array*)
 .fini_array    0x0800d328        0x4 C:/ST/STM32CubeCLT_1.17.0/GNU-tools-for-STM32/bin/../lib/gcc/arm-none-eabi/12.3.1/thumb/v6-m/nofp/crtbegin.o
                [!provide]                        PROVIDE (__fini_array_end = .)
                0x0800d32c                        . = ALIGN (0x4)
                0x0800d32c                        _sidata = LOADADDR (.data)

.rel.dyn        0x0800d32c        0x0
 .rel.iplt      0x0800d32c        0x0 C:/ST/STM32CubeCLT_1.17.0/GNU-tools-for-STM32/bin/../lib/gcc/arm-none-eabi/12.3.1/thumb/v6-m/nofp/crtbegin.o

.data           0x20000000       0x88 load address 0x0800d32c
                0x20000000                        . = ALIGN (0x4)
                0x20000000                        _sdata = .
 *(.data)
 .data          0x20000000        0x4 CMakeFiles/ecards.dir/Board/card_rev1_l071/Core/Src/system_stm32l0xx.c.obj
                0x20000000                SystemCoreClock
 .data          0x20000004        0x8 CMakeFiles/ecards.dir/Board/card_rev1_l071/Drivers/STM32L0xx_HAL_Driver/Src/stm32l0xx_hal.c.obj
                0x20000004                uwTickFreq
                0x20000008                uwTickPrio
 .data          0x2000000c       0x30 CMakeFiles/ecards.dir/App/Src/eink_e370_driver.c.obj
                0x2000000c                Pins
 .data          0x2000003c       0x4c CMakeFiles/ecards.dir/App/Src/card.c.obj
                0x2000003c                device
                0x20000048                Card_shapeLabelMajor
                0x2000005c                Card_shapeLabelMinor
                0x20000070                Card_nums
 *(.data*)
 *(.RamFunc)
 *(.RamFunc*)
                0x20000088                        . = ALIGN (0x4)
                0x20000088                        _edata = .

.igot.plt       0x20000088        0x0 load address 0x0800d3b4
 .igot.plt      0x20000088        0x0 C:/ST/STM32CubeCLT_1.17.0/GNU-tools-for-STM32/bin/../lib/gcc/arm-none-eabi/12.3.1/thumb/v6-m/nofp/crtbegin.o
                0x20000088                        . = ALIGN (0x4)

.bss            0x20000088     0x355c load address 0x0800d3b4
                0x20000088                        _sbss = .
                0x20000088                        __bss_start__ = _sbss
 *(.bss)
 .bss           0x20000088       0x1c C:/ST/STM32CubeCLT_1.17.0/GNU-tools-for-STM32/bin/../lib/gcc/arm-none-eabi/12.3.1/thumb/v6-m/nofp/crtbegin.o
 .bss           0x200000a4       0x58 CMakeFiles/ecards.dir/Board/card_rev1_l071/Core/Src/spi.c.obj
                0x200000a4                hspi1
 .bss           0x200000fc       0x54 CMakeFiles/ecards.dir/Board/card_rev1_l071/Core/Src/i2c.c.obj
                0x200000fc                hi2c1
 .bss           0x20000150        0x4 CMakeFiles/ecards.dir/Board/card_rev1_l071/Drivers/STM32L0xx_HAL_Driver/Src/stm32l0xx_hal.c.obj
                0x20000150                uwTick
 .bss           0x20000154     0x3270 CMakeFiles/ecards.dir/App/Src/card.c.obj
                0x20000154                gui
                0x200001ac                Card_window
                0x200001d8                Card_shape
                0x20000228                Card_num
                0x20000238                Card_objects
                0x200002f8                card
 .bss           0x200033c4      0x204 CMakeFiles/ecards.dir/Libs/DataProtocol/Src/eeprom.c.obj
                0x200033c4                eeprom
 .bss           0x200035c8       0x1c CMakeFiles/ecards.dir/Libs/ugui/ugui.c.obj
 *(.bss*)
 *(COMMON)
                0x200035e4                        . = ALIGN (0x4)
                0x200035e4                        _ebss = .
                0x200035e4                        __bss_end__ = _ebss

._user_heap_stack
                0x200035e4      0x604 load address 0x0800d3b4
                0x200035e8                        . = ALIGN (0x8)
 *fill*         0x200035e4        0x4 
                [!provide]                        PROVIDE (end = .)
                0x200035e8                        PROVIDE (_end = .)
                0x200037e8                        . = (. + _Min_Heap_Size)
 *fill*         0x200035e8      0x200 
                0x20003be8                        . = (. + _Min_Stack_Size)
 *fill*         0x200037e8      0x400 
                0x20003be8                        . = ALIGN (0x8)

/DISCARD/
 libc.a(*)
 libm.a(*)
 libgcc.a(*)

.ARM.attributes
                0x00000000       0x28
 *(.ARM.attributes)
 .ARM.attributes
                0x00000000       0x1e C:/ST/STM32CubeCLT_1.17.0/GNU-tools-for-STM32/bin/../lib/gcc/arm-none-eabi/12.3.1/thumb/v6-m/nofp/crti.o
 .ARM.attributes
                0x0000001e       0x2c C:/ST/STM32CubeCLT_1.17.0/GNU-tools-for-STM32/bin/../lib/gcc/arm-none-eabi/12.3.1/thumb/v6-m/nofp/crtbegin.o
 .ARM.attributes
                0x0000004a       0x2c C:/ST/STM32CubeCLT_1.17.0/GNU-tools-for-STM32/bin/../lib/gcc/arm-none-eabi/12.3.1/../../../../arm-none-eabi/lib/thumb/v6-m/nofp\libc_nano.a(libc_a-memset.o)
 .ARM.attributes
                0x00000076       0x2c C:/ST/STM32CubeCLT_1.17.0/GNU-tools-for-STM32/bin/../lib/gcc/arm-none-eabi/12.3.1/../../../../arm-none-eabi/lib/thumb/v6-m/nofp\libc_nano.a(libc_a-init.o)
 .ARM.attributes
                0x000000a2       0x22 CMakeFiles/ecards.dir/Board/card_rev1_l071/Core/Startup/startup_stm32l071k8ux.s.obj
 .ARM.attributes
                0x000000c4       0x2c CMakeFiles/ecards.dir/Board/card_rev1_l071/Core/Src/main.c.obj
 .ARM.attributes
                0x000000f0       0x2c CMakeFiles/ecards.dir/Board/card_rev1_l071/Core/Src/gpio.c.obj
 .ARM.attributes
                0x0000011c       0x2c CMakeFiles/ecards.dir/Board/card_rev1_l071/Core/Src/spi.c.obj
 .ARM.attributes
                0x00000148       0x2c CMakeFiles/ecards.dir/Board/card_rev1_l071/Core/Src/i2c.c.obj
 .ARM.attributes
                0x00000174       0x2c CMakeFiles/ecards.dir/Board/card_rev1_l071/Core/Src/stm32l0xx_hal_msp.c.obj
 .ARM.attributes
                0x000001a0       0x2c CMakeFiles/ecards.dir/Board/card_rev1_l071/Core/Src/stm32l0xx_it.c.obj
 .ARM.attributes
                0x000001cc       0x2c CMakeFiles/ecards.dir/Board/card_rev1_l071/Core/Src/system_stm32l0xx.c.obj
 .ARM.attributes
                0x000001f8       0x2c CMakeFiles/ecards.dir/Board/card_rev1_l071/Drivers/STM32L0xx_HAL_Driver/Src/stm32l0xx_hal.c.obj
 .ARM.attributes
                0x00000224       0x2c CMakeFiles/ecards.dir/Board/card_rev1_l071/Drivers/STM32L0xx_HAL_Driver/Src/stm32l0xx_hal_cortex.c.obj
 .ARM.attributes
                0x00000250       0x2c CMakeFiles/ecards.dir/Board/card_rev1_l071/Drivers/STM32L0xx_HAL_Driver/Src/stm32l0xx_hal_dma.c.obj
 .ARM.attributes
                0x0000027c       0x2c CMakeFiles/ecards.dir/Board/card_rev1_l071/Drivers/STM32L0xx_HAL_Driver/Src/stm32l0xx_hal_gpio.c.obj
 .ARM.attributes
                0x000002a8       0x2c CMakeFiles/ecards.dir/Board/card_rev1_l071/Drivers/STM32L0xx_HAL_Driver/Src/stm32l0xx_hal_i2c.c.obj
 .ARM.attributes
                0x000002d4       0x2c CMakeFiles/ecards.dir/Board/card_rev1_l071/Drivers/STM32L0xx_HAL_Driver/Src/stm32l0xx_hal_i2c_ex.c.obj
 .ARM.attributes
                0x00000300       0x2c CMakeFiles/ecards.dir/Board/card_rev1_l071/Drivers/STM32L0xx_HAL_Driver/Src/stm32l0xx_hal_spi.c.obj
 .ARM.attributes
                0x0000032c       0x2c CMakeFiles/ecards.dir/Board/card_rev1_l071/Drivers/STM32L0xx_HAL_Driver/Src/stm32l0xx_hal_rcc.c.obj
 .ARM.attributes
                0x00000358       0x2c CMakeFiles/ecards.dir/Board/card_rev1_l071/Drivers/STM32L0xx_HAL_Driver/Src/stm32l0xx_hal_rcc_ex.c.obj
 .ARM.attributes
                0x00000384       0x2c CMakeFiles/ecards.dir/App/Src/eink_e370_driver.c.obj
 .ARM.attributes
                0x000003b0       0x2c CMakeFiles/ecards.dir/App/Src/m24lr.c.obj
 .ARM.attributes
                0x000003dc       0x2c CMakeFiles/ecards.dir/App/Src/card.c.obj
 .ARM.attributes
                0x00000408       0x2c CMakeFiles/ecards.dir/Libs/DataProtocol/Src/eeprom.c.obj
 .ARM.attributes
                0x00000434       0x2c CMakeFiles/ecards.dir/Libs/ugui/ugui.c.obj
 .ARM.attributes
                0x00000460       0x2c CMakeFiles/ecards.dir/Libs/ugui/ugui_textbox.c.obj
 .ARM.attributes
                0x0000048c       0x2c CMakeFiles/ecards.dir/Libs/ugui/Fonts/font_12x20.c.obj
 .ARM.attributes
                0x000004b8       0x1e C:/ST/STM32CubeCLT_1.17.0/GNU-tools-for-STM32/bin/../lib/gcc/arm-none-eabi/12.3.1/thumb/v6-m/nofp\libgcc.a(_udivsi3.o)
 .ARM.attributes
                0x000004d6       0x1e C:/ST/STM32CubeCLT_1.17.0/GNU-tools-for-STM32/bin/../lib/gcc/arm-none-eabi/12.3.1/thumb/v6-m/nofp\libgcc.a(_divsi3.o)
 .ARM.attributes
                0x000004f4       0x1e C:/ST/STM32CubeCLT_1.17.0/GNU-tools-for-STM32/bin/../lib/gcc/arm-none-eabi/12.3.1/thumb/v6-m/nofp\libgcc.a(_dvmd_tls.o)
 .ARM.attributes
                0x00000512       0x1e C:/ST/STM32CubeCLT_1.17.0/GNU-tools-for-STM32/bin/../lib/gcc/arm-none-eabi/12.3.1/thumb/v6-m/nofp\libgcc.a(_aeabi_uldivmod.o)
 .ARM.attributes
                0x00000530       0x2c C:/ST/STM32CubeCLT_1.17.0/GNU-tools-for-STM32/bin/../lib/gcc/arm-none-eabi/12.3.1/thumb/v6-m/nofp\libgcc.a(_muldi3.o)
 .ARM.attributes
                0x0000055c       0x2c C:/ST/STM32CubeCLT_1.17.0/GNU-tools-for-STM32/bin/../lib/gcc/arm-none-eabi/12.3.1/thumb/v6-m/nofp\libgcc.a(_udivmoddi4.o)
 .ARM.attributes
                0x00000588       0x1e C:/ST/STM32CubeCLT_1.17.0/GNU-tools-for-STM32/bin/../lib/gcc/arm-none-eabi/12.3.1/thumb/v6-m/nofp\libgcc.a(_clzdi2.o)
 .ARM.attributes
                0x000005a6       0x1e C:/ST/STM32CubeCLT_1.17.0/GNU-tools-for-STM32/bin/../lib/gcc/arm-none-eabi/12.3.1/thumb/v6-m/nofp\libgcc.a(_clzsi2.o)
 .ARM.attributes
                0x000005c4       0x1e C:/ST/STM32CubeCLT_1.17.0/GNU-tools-for-STM32/bin/../lib/gcc/arm-none-eabi/12.3.1/thumb/v6-m/nofp/crtn.o
OUTPUT(ecards.elf elf32-littlearm)
LOAD linker stubs
LOAD C:/ST/STM32CubeCLT_1.17.0/GNU-tools-for-STM32/bin/../lib/gcc/arm-none-eabi/12.3.1/../../../../arm-none-eabi/lib/thumb/v6-m/nofp\libc.a
LOAD C:/ST/STM32CubeCLT_1.17.0/GNU-tools-for-STM32/bin/../lib/gcc/arm-none-eabi/12.3.1/../../../../arm-none-eabi/lib/thumb/v6-m/nofp\libm.a
LOAD C:/ST/STM32CubeCLT_1.17.0/GNU-tools-for-STM32/bin/../lib/gcc/arm-none-eabi/12.3.1/thumb/v6-m/nofp\libgcc.a

.debug_frame    0x00000000     0x2904
 .debug_frame   0x00000000       0x20 C:/ST/STM32CubeCLT_1.17.0/GNU-tools-for-STM32/bin/../lib/gcc/arm-none-eabi/12.3.1/../../../../arm-none-eabi/lib/thumb/v6-m/nofp\libc_nano.a(libc_a-memset.o)
 .debug_frame   0x00000020       0x2c C:/ST/STM32CubeCLT_1.17.0/GNU-tools-for-STM32/bin/../lib/gcc/arm-none-eabi/12.3.1/../../../../arm-none-eabi/lib/thumb/v6-m/nofp\libc_nano.a(libc_a-init.o)
 .debug_frame   0x0000004c       0x50 CMakeFiles/ecards.dir/Board/card_rev1_l071/Core/Src/main.c.obj
 .debug_frame   0x0000009c       0x30 CMakeFiles/ecards.dir/Board/card_rev1_l071/Core/Src/gpio.c.obj
 .debug_frame   0x000000cc       0x5c CMakeFiles/ecards.dir/Board/card_rev1_l071/Core/Src/spi.c.obj
 .debug_frame   0x00000128       0x5c CMakeFiles/ecards.dir/Board/card_rev1_l071/Core/Src/i2c.c.obj
 .debug_frame   0x00000184       0x20 CMakeFiles/ecards.dir/Board/card_rev1_l071/Core/Src/stm32l0xx_hal_msp.c.obj
 .debug_frame   0x000001a4       0x80 CMakeFiles/ecards.dir/Board/card_rev1_l071/Core/Src/stm32l0xx_it.c.obj
 .debug_frame   0x00000224       0x38 CMakeFiles/ecards.dir/Board/card_rev1_l071/Core/Src/system_stm32l0xx.c.obj
 .debug_frame   0x0000025c      0x22c CMakeFiles/ecards.dir/Board/card_rev1_l071/Drivers/STM32L0xx_HAL_Driver/Src/stm32l0xx_hal.c.obj
 .debug_frame   0x00000488      0x174 CMakeFiles/ecards.dir/Board/card_rev1_l071/Drivers/STM32L0xx_HAL_Driver/Src/stm32l0xx_hal_cortex.c.obj
 .debug_frame   0x000005fc      0x150 CMakeFiles/ecards.dir/Board/card_rev1_l071/Drivers/STM32L0xx_HAL_Driver/Src/stm32l0xx_hal_dma.c.obj
 .debug_frame   0x0000074c       0xc0 CMakeFiles/ecards.dir/Board/card_rev1_l071/Drivers/STM32L0xx_HAL_Driver/Src/stm32l0xx_hal_gpio.c.obj
 .debug_frame   0x0000080c      0x8b0 CMakeFiles/ecards.dir/Board/card_rev1_l071/Drivers/STM32L0xx_HAL_Driver/Src/stm32l0xx_hal_i2c.c.obj
 .debug_frame   0x000010bc       0xa8 CMakeFiles/ecards.dir/Board/card_rev1_l071/Drivers/STM32L0xx_HAL_Driver/Src/stm32l0xx_hal_i2c_ex.c.obj
 .debug_frame   0x00001164      0x578 CMakeFiles/ecards.dir/Board/card_rev1_l071/Drivers/STM32L0xx_HAL_Driver/Src/stm32l0xx_hal_spi.c.obj
 .debug_frame   0x000016dc      0x140 CMakeFiles/ecards.dir/Board/card_rev1_l071/Drivers/STM32L0xx_HAL_Driver/Src/stm32l0xx_hal_rcc.c.obj
 .debug_frame   0x0000181c       0xb4 CMakeFiles/ecards.dir/Board/card_rev1_l071/Drivers/STM32L0xx_HAL_Driver/Src/stm32l0xx_hal_rcc_ex.c.obj
 .debug_frame   0x000018d0      0x16c CMakeFiles/ecards.dir/App/Src/eink_e370_driver.c.obj
 .debug_frame   0x00001a3c       0xe0 CMakeFiles/ecards.dir/App/Src/m24lr.c.obj
 .debug_frame   0x00001b1c      0x124 CMakeFiles/ecards.dir/App/Src/card.c.obj
 .debug_frame   0x00001c40      0x110 CMakeFiles/ecards.dir/Libs/DataProtocol/Src/eeprom.c.obj
 .debug_frame   0x00001d50      0x910 CMakeFiles/ecards.dir/Libs/ugui/ugui.c.obj
 .debug_frame   0x00002660      0x1f4 CMakeFiles/ecards.dir/Libs/ugui/ugui_textbox.c.obj
 .debug_frame   0x00002854       0x20 C:/ST/STM32CubeCLT_1.17.0/GNU-tools-for-STM32/bin/../lib/gcc/arm-none-eabi/12.3.1/thumb/v6-m/nofp\libgcc.a(_udivsi3.o)
 .debug_frame   0x00002874       0x20 C:/ST/STM32CubeCLT_1.17.0/GNU-tools-for-STM32/bin/../lib/gcc/arm-none-eabi/12.3.1/thumb/v6-m/nofp\libgcc.a(_divsi3.o)
 .debug_frame   0x00002894       0x34 C:/ST/STM32CubeCLT_1.17.0/GNU-tools-for-STM32/bin/../lib/gcc/arm-none-eabi/12.3.1/thumb/v6-m/nofp\libgcc.a(_muldi3.o)
 .debug_frame   0x000028c8       0x3c C:/ST/STM32CubeCLT_1.17.0/GNU-tools-for-STM32/bin/../lib/gcc/arm-none-eabi/12.3.1/thumb/v6-m/nofp\libgcc.a(_udivmoddi4.o)

.debug_line     0x00000000    0x11299
 .debug_line    0x00000000       0x7b CMakeFiles/ecards.dir/Board/card_rev1_l071/Core/Startup/startup_stm32l071k8ux.s.obj
 .debug_line    0x0000007b      0x4e0 CMakeFiles/ecards.dir/Board/card_rev1_l071/Core/Src/main.c.obj
 .debug_line    0x0000055b      0x344 CMakeFiles/ecards.dir/Board/card_rev1_l071/Core/Src/gpio.c.obj
 .debug_line    0x0000089f      0x41a CMakeFiles/ecards.dir/Board/card_rev1_l071/Core/Src/spi.c.obj
 .debug_line    0x00000cb9      0x440 CMakeFiles/ecards.dir/Board/card_rev1_l071/Core/Src/i2c.c.obj
 .debug_line    0x000010f9      0x29b CMakeFiles/ecards.dir/Board/card_rev1_l071/Core/Src/stm32l0xx_hal_msp.c.obj
 .debug_line    0x00001394      0x273 CMakeFiles/ecards.dir/Board/card_rev1_l071/Core/Src/stm32l0xx_it.c.obj
 .debug_line    0x00001607      0x322 CMakeFiles/ecards.dir/Board/card_rev1_l071/Core/Src/system_stm32l0xx.c.obj
 .debug_line    0x00001929      0x59f CMakeFiles/ecards.dir/Board/card_rev1_l071/Drivers/STM32L0xx_HAL_Driver/Src/stm32l0xx_hal.c.obj
 .debug_line    0x00001ec8      0x6e9 CMakeFiles/ecards.dir/Board/card_rev1_l071/Drivers/STM32L0xx_HAL_Driver/Src/stm32l0xx_hal_cortex.c.obj
 .debug_line    0x000025b1      0xa4b CMakeFiles/ecards.dir/Board/card_rev1_l071/Drivers/STM32L0xx_HAL_Driver/Src/stm32l0xx_hal_dma.c.obj
 .debug_line    0x00002ffc      0x758 CMakeFiles/ecards.dir/Board/card_rev1_l071/Drivers/STM32L0xx_HAL_Driver/Src/stm32l0xx_hal_gpio.c.obj
 .debug_line    0x00003754     0x4eb9 CMakeFiles/ecards.dir/Board/card_rev1_l071/Drivers/STM32L0xx_HAL_Driver/Src/stm32l0xx_hal_i2c.c.obj
 .debug_line    0x0000860d      0x5a5 CMakeFiles/ecards.dir/Board/card_rev1_l071/Drivers/STM32L0xx_HAL_Driver/Src/stm32l0xx_hal_i2c_ex.c.obj
 .debug_line    0x00008bb2     0x2438 CMakeFiles/ecards.dir/Board/card_rev1_l071/Drivers/STM32L0xx_HAL_Driver/Src/stm32l0xx_hal_spi.c.obj
 .debug_line    0x0000afea      0xe0a CMakeFiles/ecards.dir/Board/card_rev1_l071/Drivers/STM32L0xx_HAL_Driver/Src/stm32l0xx_hal_rcc.c.obj
 .debug_line    0x0000bdf4      0x865 CMakeFiles/ecards.dir/Board/card_rev1_l071/Drivers/STM32L0xx_HAL_Driver/Src/stm32l0xx_hal_rcc_ex.c.obj
 .debug_line    0x0000c659      0x4bf CMakeFiles/ecards.dir/App/Src/eink_e370_driver.c.obj
 .debug_line    0x0000cb18      0x4be CMakeFiles/ecards.dir/App/Src/m24lr.c.obj
 .debug_line    0x0000cfd6      0x629 CMakeFiles/ecards.dir/App/Src/card.c.obj
 .debug_line    0x0000d5ff      0x329 CMakeFiles/ecards.dir/Libs/DataProtocol/Src/eeprom.c.obj
 .debug_line    0x0000d928     0x2e9c CMakeFiles/ecards.dir/Libs/ugui/ugui.c.obj
 .debug_line    0x000107c4      0x8cf CMakeFiles/ecards.dir/Libs/ugui/ugui_textbox.c.obj
 .debug_line    0x00011093      0x206 CMakeFiles/ecards.dir/Libs/ugui/Fonts/font_12x20.c.obj

.debug_line_str
                0x00000000       0x9c
 .debug_line_str
                0x00000000       0x9c CMakeFiles/ecards.dir/Board/card_rev1_l071/Core/Startup/startup_stm32l071k8ux.s.obj

.debug_info     0x00000000    0x140db
 .debug_info    0x00000000       0x30 CMakeFiles/ecards.dir/Board/card_rev1_l071/Core/Startup/startup_stm32l071k8ux.s.obj
 .debug_info    0x00000030      0x499 CMakeFiles/ecards.dir/Board/card_rev1_l071/Core/Src/main.c.obj
 .debug_info    0x000004c9      0x56f CMakeFiles/ecards.dir/Board/card_rev1_l071/Core/Src/gpio.c.obj
 .debug_info    0x00000a38      0x90d CMakeFiles/ecards.dir/Board/card_rev1_l071/Core/Src/spi.c.obj
 .debug_info    0x00001345      0xa02 CMakeFiles/ecards.dir/Board/card_rev1_l071/Core/Src/i2c.c.obj
 .debug_info    0x00001d47      0x1d9 CMakeFiles/ecards.dir/Board/card_rev1_l071/Core/Src/stm32l0xx_hal_msp.c.obj
 .debug_info    0x00001f20      0x12b CMakeFiles/ecards.dir/Board/card_rev1_l071/Core/Src/stm32l0xx_it.c.obj
 .debug_info    0x0000204b      0x309 CMakeFiles/ecards.dir/Board/card_rev1_l071/Core/Src/system_stm32l0xx.c.obj
 .debug_info    0x00002354      0x915 CMakeFiles/ecards.dir/Board/card_rev1_l071/Drivers/STM32L0xx_HAL_Driver/Src/stm32l0xx_hal.c.obj
 .debug_info    0x00002c69      0x986 CMakeFiles/ecards.dir/Board/card_rev1_l071/Drivers/STM32L0xx_HAL_Driver/Src/stm32l0xx_hal_cortex.c.obj
 .debug_info    0x000035ef      0x834 CMakeFiles/ecards.dir/Board/card_rev1_l071/Drivers/STM32L0xx_HAL_Driver/Src/stm32l0xx_hal_dma.c.obj
 .debug_info    0x00003e23      0x65e CMakeFiles/ecards.dir/Board/card_rev1_l071/Drivers/STM32L0xx_HAL_Driver/Src/stm32l0xx_hal_gpio.c.obj
 .debug_info    0x00004481     0x405a CMakeFiles/ecards.dir/Board/card_rev1_l071/Drivers/STM32L0xx_HAL_Driver/Src/stm32l0xx_hal_i2c.c.obj
 .debug_info    0x000084db      0x8a1 CMakeFiles/ecards.dir/Board/card_rev1_l071/Drivers/STM32L0xx_HAL_Driver/Src/stm32l0xx_hal_i2c_ex.c.obj
 .debug_info    0x00008d7c     0x1d96 CMakeFiles/ecards.dir/Board/card_rev1_l071/Drivers/STM32L0xx_HAL_Driver/Src/stm32l0xx_hal_spi.c.obj
 .debug_info    0x0000ab12      0xca1 CMakeFiles/ecards.dir/Board/card_rev1_l071/Drivers/STM32L0xx_HAL_Driver/Src/stm32l0xx_hal_rcc.c.obj
 .debug_info    0x0000b7b3      0x556 CMakeFiles/ecards.dir/Board/card_rev1_l071/Drivers/STM32L0xx_HAL_Driver/Src/stm32l0xx_hal_rcc_ex.c.obj
 .debug_info    0x0000bd09      0xdbd CMakeFiles/ecards.dir/App/Src/eink_e370_driver.c.obj
 .debug_info    0x0000cac6      0xafa CMakeFiles/ecards.dir/App/Src/m24lr.c.obj
 .debug_info    0x0000d5c0     0x162c CMakeFiles/ecards.dir/App/Src/card.c.obj
 .debug_info    0x0000ebec      0x627 CMakeFiles/ecards.dir/Libs/DataProtocol/Src/eeprom.c.obj
 .debug_info    0x0000f213     0x3b73 CMakeFiles/ecards.dir/Libs/ugui/ugui.c.obj
 .debug_info    0x00012d86     0x1269 CMakeFiles/ecards.dir/Libs/ugui/ugui_textbox.c.obj
 .debug_info    0x00013fef       0xec CMakeFiles/ecards.dir/Libs/ugui/Fonts/font_12x20.c.obj

.debug_abbrev   0x00000000     0x3102
 .debug_abbrev  0x00000000       0x24 CMakeFiles/ecards.dir/Board/card_rev1_l071/Core/Startup/startup_stm32l071k8ux.s.obj
 .debug_abbrev  0x00000024      0x1b5 CMakeFiles/ecards.dir/Board/card_rev1_l071/Core/Src/main.c.obj
 .debug_abbrev  0x000001d9      0x197 CMakeFiles/ecards.dir/Board/card_rev1_l071/Core/Src/gpio.c.obj
 .debug_abbrev  0x00000370      0x206 CMakeFiles/ecards.dir/Board/card_rev1_l071/Core/Src/spi.c.obj
 .debug_abbrev  0x00000576      0x22b CMakeFiles/ecards.dir/Board/card_rev1_l071/Core/Src/i2c.c.obj
 .debug_abbrev  0x000007a1       0xc6 CMakeFiles/ecards.dir/Board/card_rev1_l071/Core/Src/stm32l0xx_hal_msp.c.obj
 .debug_abbrev  0x00000867       0xbb CMakeFiles/ecards.dir/Board/card_rev1_l071/Core/Src/stm32l0xx_it.c.obj
 .debug_abbrev  0x00000922      0x136 CMakeFiles/ecards.dir/Board/card_rev1_l071/Core/Src/system_stm32l0xx.c.obj
 .debug_abbrev  0x00000a58      0x2a2 CMakeFiles/ecards.dir/Board/card_rev1_l071/Drivers/STM32L0xx_HAL_Driver/Src/stm32l0xx_hal.c.obj
 .debug_abbrev  0x00000cfa      0x2f9 CMakeFiles/ecards.dir/Board/card_rev1_l071/Drivers/STM32L0xx_HAL_Driver/Src/stm32l0xx_hal_cortex.c.obj
 .debug_abbrev  0x00000ff3      0x1fc CMakeFiles/ecards.dir/Board/card_rev1_l071/Drivers/STM32L0xx_HAL_Driver/Src/stm32l0xx_hal_dma.c.obj
 .debug_abbrev  0x000011ef      0x1e6 CMakeFiles/ecards.dir/Board/card_rev1_l071/Drivers/STM32L0xx_HAL_Driver/Src/stm32l0xx_hal_gpio.c.obj
 .debug_abbrev  0x000013d5      0x2a9 CMakeFiles/ecards.dir/Board/card_rev1_l071/Drivers/STM32L0xx_HAL_Driver/Src/stm32l0xx_hal_i2c.c.obj
 .debug_abbrev  0x0000167e      0x1bd CMakeFiles/ecards.dir/Board/card_rev1_l071/Drivers/STM32L0xx_HAL_Driver/Src/stm32l0xx_hal_i2c_ex.c.obj
 .debug_abbrev  0x0000183b      0x26a CMakeFiles/ecards.dir/Board/card_rev1_l071/Drivers/STM32L0xx_HAL_Driver/Src/stm32l0xx_hal_spi.c.obj
 .debug_abbrev  0x00001aa5      0x2d5 CMakeFiles/ecards.dir/Board/card_rev1_l071/Drivers/STM32L0xx_HAL_Driver/Src/stm32l0xx_hal_rcc.c.obj
 .debug_abbrev  0x00001d7a      0x1dd CMakeFiles/ecards.dir/Board/card_rev1_l071/Drivers/STM32L0xx_HAL_Driver/Src/stm32l0xx_hal_rcc_ex.c.obj
 .debug_abbrev  0x00001f57      0x2ae CMakeFiles/ecards.dir/App/Src/eink_e370_driver.c.obj
 .debug_abbrev  0x00002205      0x1de CMakeFiles/ecards.dir/App/Src/m24lr.c.obj
 .debug_abbrev  0x000023e3      0x392 CMakeFiles/ecards.dir/App/Src/card.c.obj
 .debug_abbrev  0x00002775      0x228 CMakeFiles/ecards.dir/Libs/DataProtocol/Src/eeprom.c.obj
 .debug_abbrev  0x0000299d      0x43e CMakeFiles/ecards.dir/Libs/ugui/ugui.c.obj
 .debug_abbrev  0x00002ddb      0x2b0 CMakeFiles/ecards.dir/Libs/ugui/ugui_textbox.c.obj
 .debug_abbrev  0x0000308b       0x77 CMakeFiles/ecards.dir/Libs/ugui/Fonts/font_12x20.c.obj

.debug_aranges  0x00000000      0x300
 .debug_aranges
                0x00000000       0x28 CMakeFiles/ecards.dir/Board/card_rev1_l071/Core/Startup/startup_stm32l071k8ux.s.obj
 .debug_aranges
                0x00000028       0x20 CMakeFiles/ecards.dir/Board/card_rev1_l071/Core/Src/main.c.obj
 .debug_aranges
                0x00000048       0x20 CMakeFiles/ecards.dir/Board/card_rev1_l071/Core/Src/gpio.c.obj
 .debug_aranges
                0x00000068       0x20 CMakeFiles/ecards.dir/Board/card_rev1_l071/Core/Src/spi.c.obj
 .debug_aranges
                0x00000088       0x20 CMakeFiles/ecards.dir/Board/card_rev1_l071/Core/Src/i2c.c.obj
 .debug_aranges
                0x000000a8       0x20 CMakeFiles/ecards.dir/Board/card_rev1_l071/Core/Src/stm32l0xx_hal_msp.c.obj
 .debug_aranges
                0x000000c8       0x20 CMakeFiles/ecards.dir/Board/card_rev1_l071/Core/Src/stm32l0xx_it.c.obj
 .debug_aranges
                0x000000e8       0x20 CMakeFiles/ecards.dir/Board/card_rev1_l071/Core/Src/system_stm32l0xx.c.obj
 .debug_aranges
                0x00000108       0x20 CMakeFiles/ecards.dir/Board/card_rev1_l071/Drivers/STM32L0xx_HAL_Driver/Src/stm32l0xx_hal.c.obj
 .debug_aranges
                0x00000128       0x20 CMakeFiles/ecards.dir/Board/card_rev1_l071/Drivers/STM32L0xx_HAL_Driver/Src/stm32l0xx_hal_cortex.c.obj
 .debug_aranges
                0x00000148       0x20 CMakeFiles/ecards.dir/Board/card_rev1_l071/Drivers/STM32L0xx_HAL_Driver/Src/stm32l0xx_hal_dma.c.obj
 .debug_aranges
                0x00000168       0x20 CMakeFiles/ecards.dir/Board/card_rev1_l071/Drivers/STM32L0xx_HAL_Driver/Src/stm32l0xx_hal_gpio.c.obj
 .debug_aranges
                0x00000188       0x20 CMakeFiles/ecards.dir/Board/card_rev1_l071/Drivers/STM32L0xx_HAL_Driver/Src/stm32l0xx_hal_i2c.c.obj
 .debug_aranges
                0x000001a8       0x20 CMakeFiles/ecards.dir/Board/card_rev1_l071/Drivers/STM32L0xx_HAL_Driver/Src/stm32l0xx_hal_i2c_ex.c.obj
 .debug_aranges
                0x000001c8       0x20 CMakeFiles/ecards.dir/Board/card_rev1_l071/Drivers/STM32L0xx_HAL_Driver/Src/stm32l0xx_hal_spi.c.obj
 .debug_aranges
                0x000001e8       0x20 CMakeFiles/ecards.dir/Board/card_rev1_l071/Drivers/STM32L0xx_HAL_Driver/Src/stm32l0xx_hal_rcc.c.obj
 .debug_aranges
                0x00000208       0x20 CMakeFiles/ecards.dir/Board/card_rev1_l071/Drivers/STM32L0xx_HAL_Driver/Src/stm32l0xx_hal_rcc_ex.c.obj
 .debug_aranges
                0x00000228       0x20 CMakeFiles/ecards.dir/App/Src/eink_e370_driver.c.obj
 .debug_aranges
                0x00000248       0x20 CMakeFiles/ecards.dir/App/Src/m24lr.c.obj
 .debug_aranges
                0x00000268       0x20 CMakeFiles/ecards.dir/App/Src/card.c.obj
 .debug_aranges
                0x00000288       0x20 CMakeFiles/ecards.dir/Libs/DataProtocol/Src/eeprom.c.obj
 .debug_aranges
                0x000002a8       0x20 CMakeFiles/ecards.dir/Libs/ugui/ugui.c.obj
 .debug_aranges
                0x000002c8       0x20 CMakeFiles/ecards.dir/Libs/ugui/ugui_textbox.c.obj
 .debug_aranges
                0x000002e8       0x18 CMakeFiles/ecards.dir/Libs/ugui/Fonts/font_12x20.c.obj

.debug_str      0x00000000     0x4354
 .debug_str     0x00000000       0xb8 CMakeFiles/ecards.dir/Board/card_rev1_l071/Core/Startup/startup_stm32l071k8ux.s.obj
 .debug_str     0x000000b8      0x426 CMakeFiles/ecards.dir/Board/card_rev1_l071/Core/Src/main.c.obj
                                0x4a6 (size before relaxing)
 .debug_str     0x000004de      0x378 CMakeFiles/ecards.dir/Board/card_rev1_l071/Core/Src/gpio.c.obj
                                0x501 (size before relaxing)
 .debug_str     0x00000856      0x408 CMakeFiles/ecards.dir/Board/card_rev1_l071/Core/Src/spi.c.obj
                                0x750 (size before relaxing)
 .debug_str     0x00000c5e      0x336 CMakeFiles/ecards.dir/Board/card_rev1_l071/Core/Src/i2c.c.obj
                                0x860 (size before relaxing)
 .debug_str     0x00000f94       0x76 CMakeFiles/ecards.dir/Board/card_rev1_l071/Core/Src/stm32l0xx_hal_msp.c.obj
                                0x25f (size before relaxing)
 .debug_str     0x0000100a       0xda CMakeFiles/ecards.dir/Board/card_rev1_l071/Core/Src/stm32l0xx_it.c.obj
                                0x22b (size before relaxing)
 .debug_str     0x000010e4       0xe4 CMakeFiles/ecards.dir/Board/card_rev1_l071/Core/Src/system_stm32l0xx.c.obj
                                0x2df (size before relaxing)
 .debug_str     0x000011c8      0x44f CMakeFiles/ecards.dir/Board/card_rev1_l071/Drivers/STM32L0xx_HAL_Driver/Src/stm32l0xx_hal.c.obj
                                0x88e (size before relaxing)
 .debug_str     0x00001617      0x390 CMakeFiles/ecards.dir/Board/card_rev1_l071/Drivers/STM32L0xx_HAL_Driver/Src/stm32l0xx_hal_cortex.c.obj
                                0x732 (size before relaxing)
 .debug_str     0x000019a7      0x2b8 CMakeFiles/ecards.dir/Board/card_rev1_l071/Drivers/STM32L0xx_HAL_Driver/Src/stm32l0xx_hal_dma.c.obj
                                0x653 (size before relaxing)
 .debug_str     0x00001c5f      0x10b CMakeFiles/ecards.dir/Board/card_rev1_l071/Drivers/STM32L0xx_HAL_Driver/Src/stm32l0xx_hal_gpio.c.obj
                                0x45f (size before relaxing)
 .debug_str     0x00001d6a      0x8e1 CMakeFiles/ecards.dir/Board/card_rev1_l071/Drivers/STM32L0xx_HAL_Driver/Src/stm32l0xx_hal_i2c.c.obj
                                0xfde (size before relaxing)
 .debug_str     0x0000264b       0xf5 CMakeFiles/ecards.dir/Board/card_rev1_l071/Drivers/STM32L0xx_HAL_Driver/Src/stm32l0xx_hal_i2c_ex.c.obj
                                0x85f (size before relaxing)
 .debug_str     0x00002740      0x54e CMakeFiles/ecards.dir/Board/card_rev1_l071/Drivers/STM32L0xx_HAL_Driver/Src/stm32l0xx_hal_spi.c.obj
                                0xb9d (size before relaxing)
 .debug_str     0x00002c8e      0x212 CMakeFiles/ecards.dir/Board/card_rev1_l071/Drivers/STM32L0xx_HAL_Driver/Src/stm32l0xx_hal_rcc.c.obj
                                0x70f (size before relaxing)
 .debug_str     0x00002ea0      0x15d CMakeFiles/ecards.dir/Board/card_rev1_l071/Drivers/STM32L0xx_HAL_Driver/Src/stm32l0xx_hal_rcc_ex.c.obj
                                0x512 (size before relaxing)
 .debug_str     0x00002ffd      0x1a5 CMakeFiles/ecards.dir/App/Src/eink_e370_driver.c.obj
                                0x7dd (size before relaxing)
 .debug_str     0x000031a2      0x160 CMakeFiles/ecards.dir/App/Src/m24lr.c.obj
                                0x801 (size before relaxing)
 .debug_str     0x00003302      0x5f8 CMakeFiles/ecards.dir/App/Src/card.c.obj
                                0x950 (size before relaxing)
 .debug_str     0x000038fa       0xd4 CMakeFiles/ecards.dir/Libs/DataProtocol/Src/eeprom.c.obj
                                0x473 (size before relaxing)
 .debug_str     0x000039ce      0x7d2 CMakeFiles/ecards.dir/Libs/ugui/ugui.c.obj
                                0xc5d (size before relaxing)
 .debug_str     0x000041a0      0x16c CMakeFiles/ecards.dir/Libs/ugui/ugui_textbox.c.obj
                                0x61f (size before relaxing)
 .debug_str     0x0000430c       0x48 CMakeFiles/ecards.dir/Libs/ugui/Fonts/font_12x20.c.obj
                                0x1b5 (size before relaxing)

.debug_rnglists
                0x00000000       0x84
 .debug_rnglists
                0x00000000       0x19 CMakeFiles/ecards.dir/Board/card_rev1_l071/Core/Startup/startup_stm32l071k8ux.s.obj
 .debug_rnglists
                0x00000019       0x17 CMakeFiles/ecards.dir/Board/card_rev1_l071/Drivers/STM32L0xx_HAL_Driver/Src/stm32l0xx_hal_cortex.c.obj
 .debug_rnglists
                0x00000030       0x22 CMakeFiles/ecards.dir/Board/card_rev1_l071/Drivers/STM32L0xx_HAL_Driver/Src/stm32l0xx_hal_rcc.c.obj
 .debug_rnglists
                0x00000052       0x32 CMakeFiles/ecards.dir/Libs/ugui/ugui.c.obj

.comment        0x00000000       0x43
 .comment       0x00000000       0x43 CMakeFiles/ecards.dir/Board/card_rev1_l071/Core/Src/main.c.obj
                                 0x44 (size before relaxing)
 .comment       0x00000043       0x44 CMakeFiles/ecards.dir/Board/card_rev1_l071/Core/Src/gpio.c.obj
 .comment       0x00000043       0x44 CMakeFiles/ecards.dir/Board/card_rev1_l071/Core/Src/spi.c.obj
 .comment       0x00000043       0x44 CMakeFiles/ecards.dir/Board/card_rev1_l071/Core/Src/i2c.c.obj
 .comment       0x00000043       0x44 CMakeFiles/ecards.dir/Board/card_rev1_l071/Core/Src/stm32l0xx_hal_msp.c.obj
 .comment       0x00000043       0x44 CMakeFiles/ecards.dir/Board/card_rev1_l071/Core/Src/stm32l0xx_it.c.obj
 .comment       0x00000043       0x44 CMakeFiles/ecards.dir/Board/card_rev1_l071/Core/Src/system_stm32l0xx.c.obj
 .comment       0x00000043       0x44 CMakeFiles/ecards.dir/Board/card_rev1_l071/Drivers/STM32L0xx_HAL_Driver/Src/stm32l0xx_hal.c.obj
 .comment       0x00000043       0x44 CMakeFiles/ecards.dir/Board/card_rev1_l071/Drivers/STM32L0xx_HAL_Driver/Src/stm32l0xx_hal_cortex.c.obj
 .comment       0x00000043       0x44 CMakeFiles/ecards.dir/Board/card_rev1_l071/Drivers/STM32L0xx_HAL_Driver/Src/stm32l0xx_hal_dma.c.obj
 .comment       0x00000043       0x44 CMakeFiles/ecards.dir/Board/card_rev1_l071/Drivers/STM32L0xx_HAL_Driver/Src/stm32l0xx_hal_gpio.c.obj
 .comment       0x00000043       0x44 CMakeFiles/ecards.dir/Board/card_rev1_l071/Drivers/STM32L0xx_HAL_Driver/Src/stm32l0xx_hal_i2c.c.obj
 .comment       0x00000043       0x44 CMakeFiles/ecards.dir/Board/card_rev1_l071/Drivers/STM32L0xx_HAL_Driver/Src/stm32l0xx_hal_i2c_ex.c.obj
 .comment       0x00000043       0x44 CMakeFiles/ecards.dir/Board/card_rev1_l071/Drivers/STM32L0xx_HAL_Driver/Src/stm32l0xx_hal_spi.c.obj
 .comment       0x00000043       0x44 CMakeFiles/ecards.dir/Board/card_rev1_l071/Drivers/STM32L0xx_HAL_Driver/Src/stm32l0xx_hal_rcc.c.obj
 .comment       0x00000043       0x44 CMakeFiles/ecards.dir/Board/card_rev1_l071/Drivers/STM32L0xx_HAL_Driver/Src/stm32l0xx_hal_rcc_ex.c.obj
 .comment       0x00000043       0x44 CMakeFiles/ecards.dir/App/Src/eink_e370_driver.c.obj
 .comment       0x00000043       0x44 CMakeFiles/ecards.dir/App/Src/m24lr.c.obj
 .comment       0x00000043       0x44 CMakeFiles/ecards.dir/App/Src/card.c.obj
 .comment       0x00000043       0x44 CMakeFiles/ecards.dir/Libs/DataProtocol/Src/eeprom.c.obj
 .comment       0x00000043       0x44 CMakeFiles/ecards.dir/Libs/ugui/ugui.c.obj
 .comment       0x00000043       0x44 CMakeFiles/ecards.dir/Libs/ugui/ugui_textbox.c.obj
 .comment       0x00000043       0x44 CMakeFiles/ecards.dir/Libs/ugui/Fonts/font_12x20.c.obj

.debug_loclists
                0x00000000     0x9e9f
 .debug_loclists
                0x00000000       0x58 CMakeFiles/ecards.dir/Board/card_rev1_l071/Core/Src/spi.c.obj
 .debug_loclists
                0x00000058       0x62 CMakeFiles/ecards.dir/Board/card_rev1_l071/Core/Src/i2c.c.obj
 .debug_loclists
                0x000000ba      0x13e CMakeFiles/ecards.dir/Board/card_rev1_l071/Core/Src/system_stm32l0xx.c.obj
 .debug_loclists
                0x000001f8       0xe7 CMakeFiles/ecards.dir/Board/card_rev1_l071/Drivers/STM32L0xx_HAL_Driver/Src/stm32l0xx_hal.c.obj
 .debug_loclists
                0x000002df      0x1b4 CMakeFiles/ecards.dir/Board/card_rev1_l071/Drivers/STM32L0xx_HAL_Driver/Src/stm32l0xx_hal_cortex.c.obj
 .debug_loclists
                0x00000493      0x57d CMakeFiles/ecards.dir/Board/card_rev1_l071/Drivers/STM32L0xx_HAL_Driver/Src/stm32l0xx_hal_dma.c.obj
 .debug_loclists
                0x00000a10      0x276 CMakeFiles/ecards.dir/Board/card_rev1_l071/Drivers/STM32L0xx_HAL_Driver/Src/stm32l0xx_hal_gpio.c.obj
 .debug_loclists
                0x00000c86     0x3456 CMakeFiles/ecards.dir/Board/card_rev1_l071/Drivers/STM32L0xx_HAL_Driver/Src/stm32l0xx_hal_i2c.c.obj
 .debug_loclists
                0x000040dc      0x153 CMakeFiles/ecards.dir/Board/card_rev1_l071/Drivers/STM32L0xx_HAL_Driver/Src/stm32l0xx_hal_i2c_ex.c.obj
 .debug_loclists
                0x0000422f     0x14e5 CMakeFiles/ecards.dir/Board/card_rev1_l071/Drivers/STM32L0xx_HAL_Driver/Src/stm32l0xx_hal_spi.c.obj
 .debug_loclists
                0x00005714      0x499 CMakeFiles/ecards.dir/Board/card_rev1_l071/Drivers/STM32L0xx_HAL_Driver/Src/stm32l0xx_hal_rcc.c.obj
 .debug_loclists
                0x00005bad      0x2fe CMakeFiles/ecards.dir/Board/card_rev1_l071/Drivers/STM32L0xx_HAL_Driver/Src/stm32l0xx_hal_rcc_ex.c.obj
 .debug_loclists
                0x00005eab      0x191 CMakeFiles/ecards.dir/App/Src/eink_e370_driver.c.obj
 .debug_loclists
                0x0000603c      0x2e2 CMakeFiles/ecards.dir/App/Src/m24lr.c.obj
 .debug_loclists
                0x0000631e       0xe3 CMakeFiles/ecards.dir/App/Src/card.c.obj
 .debug_loclists
                0x00006401      0x136 CMakeFiles/ecards.dir/Libs/DataProtocol/Src/eeprom.c.obj
 .debug_loclists
                0x00006537     0x2fe3 CMakeFiles/ecards.dir/Libs/ugui/ugui.c.obj
 .debug_loclists
                0x0000951a      0x985 CMakeFiles/ecards.dir/Libs/ugui/ugui_textbox.c.obj
